// Jest Snapshot v1, https://goo.gl/fbAQLP

exports[`renders the UI as expected 1`] = `
<div
  className="Participant"
>
  <img
    alt="Avatar"
    className="Participant-Avatar"
    src="test"
  />
  <span
    className="Participant-Name"
  >
    test
  </span>
  <div
    className="online"
  />
  <span
    className="onStage"
  />
</div>
`;
