// Jest Snapshot v1, https://goo.gl/fbAQLP

exports[`renders the UI as expected 1`] = `
<div
  className="Participant-List"
>
  <div
    className="inSession"
  >
    <div
      className="Participant"
    >
      <img
        alt="Avatar"
        className="Participant-Avatar"
        src="https://robohash.org/itaquevoluptatumrerum.jpg?size=200x200&set=set1"
      />
      <span
        className="Participant-Name"
      >
        Koren Templeton
      </span>
      <div
        className="online"
      />
      <span
        className="onStage"
      />
    </div>
    <div
      className="Participant"
    >
      <img
        alt="Avatar"
        className="Participant-Avatar"
        src="https://robohash.org/doloredolorescupiditate.jpg?size=200x200&set=set1"
      />
      <span
        className="Participant-Name"
      >
        Caty Flucker
      </span>
      <div
        className="online"
      />
      <span
        className="hidden"
      />
    </div>
    <div
      className="Participant"
    >
      <img
        alt="Avatar"
        className="Participant-Avatar"
        src="https://robohash.org/etexercitationemassumenda.jpg?size=200x200&set=set1"
      />
      <span
        className="Participant-Name"
      >
        Frank Runciman
      </span>
      <div
        className="online"
      />
      <span
        className="hidden"
      />
    </div>
    <div
      className="Participant"
    >
      <img
        alt="Avatar"
        className="Participant-Avatar"
        src="https://robohash.org/iustodoloremqueinventore.jpg?size=200x200&set=set1"
      />
      <span
        className="Participant-Name"
      >
        Ashla Attwool
      </span>
      <div
        className="online"
      />
      <span
        className="onStage"
      />
    </div>
  </div>
  <div
    className="outSession"
  >
    <div
      className="Participant"
    >
      <img
        alt="Avatar"
        className="Participant-Avatar"
        src="https://robohash.org/utlaborumfugit.jpg?size=200x200&set=set1"
      />
      <span
        className="Participant-Name"
      >
        Axe Kubicka
      </span>
      <div
        className="offline"
      />
      <span
        className="hidden"
      />
    </div>
  </div>
</div>
`;
