// Jest Snapshot v1, https://goo.gl/fbAQLP

exports[`renders the UI as expected 1`] = `
<div
  className="stage-participant"
>
  <div
    className="participant-info-container"
  >
    <span
      className="participant-name"
    >
      test
    </span>
  </div>
  <img
    alt="avatar"
    className="stage-avatar"
    src="test"
  />
</div>
`;
